// Jest Snapshot v1, https://goo.gl/fbAQLP

exports[`<Button /> should render correctly 1`] = `
<button
  className="btn btn-primary"
  name="test"
  onClick={undefined}
>
  test
</button>
`;
