// Jest Snapshot v1, https://goo.gl/fbAQLP

exports[`<Counter /> should render correctly 1`] = `
<div>
  <h3>
    Counter Component
  </h3>
  <p>
    0
  </p>
  <button
    onClick={[Function]}
  >
    Increment
  </button>
  <button
    onClick={[Function]}
  >
    Decrement
  </button>
</div>
`;
