// Jest Snapshot v1, https://goo.gl/fbAQLP

exports[`<UsersList /> should render correctly 1`] = `
<div
  className="loading"
>
  Loading...
</div>
`;
