// Jest Snapshot v1, https://goo.gl/fbAQLP

exports[`<WithConditional /> should render correctly 1`] = `
<div>
  Hello John!
</div>
`;
